[
  {
    "id": "<id>",
    "title": "Project 1",
    "description": "awesome test project",
    "youtube_id": "<id>",
    "created_at": "2017-04-22T22:46:12.502Z",
    "updated_at": "2017-04-22T22:46:12.502Z",
    "client": null,
    "tasks": null,
    "year": null,
    "thumbnail_file_name": null,
    "thumbnail_content_type": null,
    "thumbnail_file_size": null,
    "thumbnail_updated_at": null,
    "finished_at": null,
    "slug": "project-1"
  }
]
